2025-09-05 07:08:30.324: [INFO][Sync] Reset engine, reason: 8
2025-09-05 07:08:30.324: [INFO][Sync] Stopped: Bookmarks
2025-09-05 07:08:30.324: [INFO][Sync] Stopped: Preferences
2025-09-05 07:08:30.324: [INFO][Sync] Stopped: Passwords
2025-09-05 07:08:30.324: [INFO][Sync] Stopped: Autofill Profiles
2025-09-05 07:08:30.324: [INFO][Sync] Stopped: Autofill
2025-09-05 07:08:30.324: [INFO][Sync] Stopped: Extensions
2025-09-05 07:08:30.324: [INFO][Sync] Stopped: Sessions
2025-09-05 07:08:30.324: [INFO][Sync] Stopped: Extension settings
2025-09-05 07:08:30.324: [INFO][Sync] Stopped: History Delete Directives
2025-09-05 07:08:30.324: [INFO][Sync] Stopped: Device Info
2025-09-05 07:08:30.324: [INFO][Sync] Stopped: User Consents
2025-09-05 07:08:30.324: [INFO][Sync] Stopped: Send Tab To Self
2025-09-05 07:08:30.324: [INFO][Sync] Stopped: Web Apps
2025-09-05 07:08:30.324: [INFO][Sync] Stopped: History
2025-09-05 07:08:30.324: [INFO][Sync] Stopped: Saved Tab Group
2025-09-05 07:08:30.324: [INFO][Sync] Stopped: WebAuthn Credentials
2025-09-05 07:08:30.324: [INFO][Sync] Stopped: Collection
2025-09-05 07:08:30.324: [INFO][Sync] Stopped: Edge E Drop
2025-09-05 07:08:30.324: [INFO][Sync] Stopped: Edge Hub App Usage
2025-09-05 07:08:30.324: [INFO][Sync] Stopped: Edge Wallet
2025-09-05 07:08:30.324: [INFO][Sync] SyncState after authenticated was: NotSignedIn
2025-09-05 07:08:30.498: [INFO][Sync] Reset engine, reason: 8
2025-09-05 07:08:30.498: [INFO][Sync] Stopped: Bookmarks
2025-09-05 07:08:30.498: [INFO][Sync] Stopped: Preferences
2025-09-05 07:08:30.498: [INFO][Sync] Stopped: Passwords
2025-09-05 07:08:30.498: [INFO][Sync] Stopped: Autofill Profiles
2025-09-05 07:08:30.498: [INFO][Sync] Stopped: Autofill
2025-09-05 07:08:30.498: [INFO][Sync] Stopped: Extensions
2025-09-05 07:08:30.498: [INFO][Sync] Stopped: Sessions
2025-09-05 07:08:30.498: [INFO][Sync] Stopped: Extension settings
2025-09-05 07:08:30.498: [INFO][Sync] Stopped: History Delete Directives
2025-09-05 07:08:30.498: [INFO][Sync] Stopped: Device Info
2025-09-05 07:08:30.498: [INFO][Sync] Stopped: User Consents
2025-09-05 07:08:30.498: [INFO][Sync] Stopped: Send Tab To Self
2025-09-05 07:08:30.498: [INFO][Sync] Stopped: Web Apps
2025-09-05 07:08:30.498: [INFO][Sync] Stopped: History
2025-09-05 07:08:30.498: [INFO][Sync] Stopped: Saved Tab Group
2025-09-05 07:08:30.498: [INFO][Sync] Stopped: WebAuthn Credentials
2025-09-05 07:08:30.498: [INFO][Sync] Stopped: Collection
2025-09-05 07:08:30.498: [INFO][Sync] Stopped: Edge E Drop
2025-09-05 07:08:30.498: [INFO][Sync] Stopped: Edge Hub App Usage
2025-09-05 07:08:30.498: [INFO][Sync] Stopped: Edge Wallet
2025-09-05 11:06:00.401: [INFO][Sync] Reset engine, reason: 0
2025-09-05 11:06:26.948: [INFO][Sync] SyncState after authenticated was: FeatureNotSetup
2025-09-05 11:10:11.080: [INFO][Sync] Reset engine, reason: 0
2025-09-05 11:10:36.023: [INFO][Sync] SyncState after authenticated was: FeatureNotSetup
2025-09-05 11:16:24.442: [INFO][Sync] Reset engine, reason: 0
2025-09-05 11:16:50.083: [INFO][Sync] SyncState after authenticated was: FeatureNotSetup
2025-09-05 12:12:37.157: [INFO][Sync] Reset engine, reason: 0
2025-09-05 17:03:48.969: [INFO][Sync] SyncState after authenticated was: FeatureNotSetup
2025-09-05 19:07:00.665: [INFO][Sync] Reset engine, reason: 0
